[test.lua:0] [1mtest.lua[0m > [1;32mPASS[m 2 files matched "**/*.test.lua"
[init.lua:211] [1mempty.test.lua[0m > [1;31mFAIL[m No tests defined
[test.test.lua:1] [1mtest.test.lua[0m > [1;31mFAIL[m Expected 0 == 1
[test.test.lua:4] [1mtest_pass[0m > [1;32mPASS[m Expected 0 == 0
[test.test.lua:8] [1mtest_fail[0m > [1;31mFAIL[m Expected 0 == 1
[test.test.lua:12] [1mtest_pass_then_fail[0m > [1;32mPASS[m Expected 0 == 0
[test.test.lua:13] [1mtest_pass_then_fail[0m > [1;31mFAIL[m Expected 0 == 1
[test.test.lua:17] [1mtest_fail_then_pass[0m > [1;31mFAIL[m Expected 0 == 1
[test.test.lua:18] [1mtest_fail_then_pass[0m > [1;32mPASS[m Expected 0 == 0
[test.test.lua:21] [1mtest_error[0m > [1;31mFAIL[m Unhandled error:
test.test.lua:22: test
[test.test.lua:25] [1mtest_empty[0m > [1;31mFAIL[m No tests defined
[test.test.lua:30] [1mtest_mat[0m > [1mtest_ros[0m > [1mtest_ka[0m > [1;32mPASS[m Expected nil == nil
[test.test.lua:40] [1mtest_parameters (nil, nil)[0m > [1;32mPASS[m Expected nil == nil
[test.test.lua:40] [1mtest_parameters (1, nil)[0m > [1;31mFAIL[m Expected 1 == nil
[test.test.lua:40] [1mtest_parameters (nil, 1)[0m > [1;31mFAIL[m Expected nil == 1
[test.test.lua:47] [1mtest_parameter_name_specifiers "a" "b" nil nil "b" "a" ("a", "b")[0m > [1;32mPASS[m Expected nil == nil
[test.test.lua:52] [1mtest_parameter_name_single_line ({  [2] = 2,  [3] = 3})[0m > [1;32mPASS[m Expected nil == nil
[test.test.lua:55] [1mtest.test.lua[0m > [1;31mFAIL[m No parameters defined
[test.test.lua:56] [1mtest_parameters_with_empty (nil)[0m > [1;31mFAIL[m No tests defined
[test.test.lua:62] [1mtest_call[0m > [1;32mPASS[m Expected nil == nil
[test.test.lua:69] [1mdescribe_skip[0m > [1mit_skips[0m > [1mSKIP[m
[test.test.lua:76] [1mdescribe_skip[0m > [1mtest_some_test[0m > [1;32mPASS[m Expected nil == nil
[test.test.lua:79] [1mdescribe_skip[0m > [1;31mFAIL[m skip() after test
[test.test.lua:82] [1mdescribe_skip[0m > [1mtest_skip2[0m > [1mSKIP[m
[test.test.lua:87] [1mtest.test.lua[0m > [1;33mWARN[m Global index "b"
[test.test.lua:87] [1mtest.test.lua[0m > [1;33mWARN[m Global newindex "a"
[init.lua:211] [1mtest.test.lua[0m > [1;31mFAIL[m Unhandled error:
test.test.lua:89: bye
==============================
[1;31mFAIL[m 10 passed, 13 failed, 2 skipped.
exit 1

