[init.lua:138] [1mtest.lua[0m > [1;31mFAIL[m unknown option: -z
exit 1

